time="2026-04-06T21:57:01+05:30" level=warning msg="C:\\Users\\ADMIN\\rawtorrent\\docker-compose.yml: the attribute `version` is obsolete, it will be ignored, please remove it to avoid potential confusion"
 Image rawtorrent-backend Building 
 Image rawtorrent-frontend Building 
#1 [internal] load local bake definitions
#1 reading from stdin 1.15kB done
#1 DONE 0.0s

#2 [frontend internal] load build definition from Dockerfile
#2 transferring dockerfile: 1.35kB done
#2 DONE 0.0s

#3 [backend internal] load build definition from Dockerfile
#3 transferring dockerfile: 520B done
#3 DONE 0.0s

#4 [backend internal] load metadata for docker.io/library/node:20-alpine
#4 DONE 1.1s

#5 [backend internal] load .dockerignore
#5 transferring context: 112B done
#5 DONE 0.0s

#6 [frontend internal] load .dockerignore
#6 transferring context: 132B done
#6 DONE 0.0s

#7 [backend base 1/1] FROM docker.io/library/node:20-alpine@sha256:f598378b5240225e6beab68fa9f356db1fb8efe55173e6d4d8153113bb8f333c
#7 resolve docker.io/library/node:20-alpine@sha256:f598378b5240225e6beab68fa9f356db1fb8efe55173e6d4d8153113bb8f333c 0.0s done
#7 DONE 0.0s

#8 [frontend builder 1/5] WORKDIR /app
#8 CACHED

#9 [frontend runner 2/8] RUN addgroup --system --gid 1001 nodejs
#9 CACHED

#10 [frontend runner 3/8] RUN adduser --system --uid 1001 nextjs
#10 CACHED

#11 [backend internal] load build context
#11 transferring context: 1.40kB done
#11 DONE 0.0s

#12 [frontend internal] load build context
#12 transferring context: 3.93kB done
#12 DONE 0.0s

#13 [backend builder 2/5] COPY package*.json ./
#13 CACHED

#14 [frontend deps 1/4] RUN apk add --no-cache libc6-compat
#14 CACHED

#15 [frontend deps 2/4] WORKDIR /app
#15 CACHED

#16 [frontend deps 3/4] COPY package.json package-lock.json* ./
#16 CACHED

#17 [frontend deps 4/4] RUN npm ci
#17 1.855 npm error code ERESOLVE
#17 1.855 npm error ERESOLVE could not resolve
#17 1.855 npm error
#17 1.855 npm error While resolving: react-simple-maps@3.0.0
#17 1.855 npm error Found: react@19.2.4
#17 1.855 npm error node_modules/react
#17 1.855 npm error   react@"19.2.4" from the root project
#17 1.855 npm error   peer react@"^18.2.0 || 19.0.0-rc-de68d2f4-20241204 || ^19.0.0" from next@16.2.1
#17 1.855 npm error   node_modules/next
#17 1.855 npm error     next@"16.2.1" from the root project
#17 1.855 npm error   3 more (next-themes, react-dom, styled-jsx)
#17 1.855 npm error
#17 1.855 npm error Could not resolve dependency:
#17 1.855 npm error peer react@"^16.8.0 || 17.x || 18.x" from react-simple-maps@3.0.0
#17 1.855 npm error node_modules/react-simple-maps
#17 1.855 npm error   react-simple-maps@"^3.0.0" from the root project
#17 1.855 npm error
#17 1.855 npm error Conflicting peer dependency: react@18.3.1
#17 1.855 npm error node_modules/react
#17 1.855 npm error   peer react@"^16.8.0 || 17.x || 18.x" from react-simple-maps@3.0.0
#17 1.855 npm error   node_modules/react-simple-maps
#17 1.855 npm error     react-simple-maps@"^3.0.0" from the root project
#17 1.855 npm error
#17 1.855 npm error Fix the upstream dependency conflict, or retry
#17 1.855 npm error this command with --force or --legacy-peer-deps
#17 1.855 npm error to accept an incorrect (and potentially broken) dependency resolution.
#17 1.855 npm error
#17 1.855 npm error
#17 1.855 npm error For a full report see:
#17 1.855 npm error /root/.npm/_logs/2026-04-06T16_27_04_410Z-eresolve-report.txt
#17 1.858 npm notice
#17 1.858 npm notice New major version of npm available! 10.8.2 -> 11.12.1
#17 1.858 npm notice Changelog: https://github.com/npm/cli/releases/tag/v11.12.1
#17 1.858 npm notice To update run: npm install -g npm@11.12.1
#17 1.858 npm notice
#17 1.858 npm error A complete log of this run can be found in: /root/.npm/_logs/2026-04-06T16_27_04_410Z-debug-0.log
#17 ERROR: process "/bin/sh -c npm ci" did not complete successfully: exit code: 1

#18 [backend builder 3/5] RUN npm ci
#18 ...

#19 [backend runner 3/5] RUN npm ci --omit=dev
#19 CANCELED

#18 [backend builder 3/5] RUN npm ci
#18 CANCELED
------
 > [frontend deps 4/4] RUN npm ci:
1.855 npm error
1.855 npm error
1.855 npm error For a full report see:
1.855 npm error /root/.npm/_logs/2026-04-06T16_27_04_410Z-eresolve-report.txt
1.858 npm notice
1.858 npm notice New major version of npm available! 10.8.2 -> 11.12.1
1.858 npm notice Changelog: https://github.com/npm/cli/releases/tag/v11.12.1
1.858 npm notice To update run: npm install -g npm@11.12.1
1.858 npm notice
1.858 npm error A complete log of this run can be found in: /root/.npm/_logs/2026-04-06T16_27_04_410Z-debug-0.log
------
Dockerfile:8

--------------------

   6 |     WORKDIR /app

   7 |     COPY package.json package-lock.json* ./

   8 | >>> RUN npm ci

   9 |     

  10 |     # Rebuild the source code only when needed

--------------------

target frontend: failed to solve: process "/bin/sh -c npm ci" did not complete successfully: exit code: 1

